// Jest Snapshot v1, https://goo.gl/fbAQLP

exports[`renders a Card using Snapshots 1`] = `
<View
  onMoveShouldSetResponder={[Function]}
  onMoveShouldSetResponderCapture={[Function]}
  onResponderEnd={[Function]}
  onResponderGrant={[Function]}
  onResponderMove={[Function]}
  onResponderReject={[Function]}
  onResponderRelease={[Function]}
  onResponderStart={[Function]}
  onResponderTerminate={[Function]}
  onResponderTerminationRequest={[Function]}
  onStartShouldSetResponder={[Function]}
  onStartShouldSetResponderCapture={[Function]}
  style={
    Object {
      "left": 0,
      "top": 0,
    }
  }
>
  <View
    style={
      Object {
        "backgroundColor": "white",
        "borderColor": "black",
        "borderRadius": 3,
        "borderWidth": 1,
        "height": 60,
      }
    }
  >
    <Text
      accessible={true}
      allowFontScaling={true}
      disabled={false}
      ellipsizeMode="tail"
      style={
        Object {
          "color": "red",
          "display": "",
          "fontSize": 10,
        }
      }
    >
       
      â™¥
    </Text>
  </View>
  <View
    style={
      Object {
        "top": -45,
      }
    }
  />
</View>
`;
